[
  {
    "Arn": "arn:aws:eks:us-west-2:12345:cluster/test-12345",
    "CertificateAuthority": {
      "Data": "dGVzdAo="
    },
    "ClientRequestToken": null,
    "CreatedAt": "0001-01-01T00:00:00Z",
    "Endpoint": "https://localhost/",
    "Identity": null,
    "Logging": null,
    "Name": "test-cluster",
    "PlatformVersion": null,
    "ResourcesVpcConfig": {
      "ClusterSecurityGroupId": null,
      "EndpointPrivateAccess": null,
      "EndpointPublicAccess": null,
      "SecurityGroupIds": null,
      "SubnetIds": [
        "sub1",
        "sub2"
      ],
      "VpcId": "vpc-1234"
    },
    "RoleArn": null,
    "Status": "DELETING",
    "Tags": null,
    "Version": null
  }
]
