[
  {
    "Arn": "arn-12345678",
    "CertificateAuthority": null,
    "ClientRequestToken": null,
    "CreatedAt": "0001-01-01T00:00:00Z",
    "Endpoint": null,
    "Logging": null,
    "Name": "test-cluster",
    "PlatformVersion": null,
    "ResourcesVpcConfig": {
      "EndpointPrivateAccess": null,
      "EndpointPublicAccess": null,
      "SecurityGroupIds": null,
      "SubnetIds": [
        "sub1",
        "sub2"
      ],
      "VpcId": "vpc-1234"
    },
    "RoleArn": null,
    "Status": "ACTIVE",
    "Version": null
  }
]